Using node https://reference.symboltest.net:3001
Signer public key: 3B6A27BCCEB6A42D62A3A8D02A6F0D73653215771DE243A63AC048A18B59DA29
Signer address: TCHBDENCLKEBILBPWP3JPB2XNY64OE7PYHHE32I
Recipient 1: TCWYXKVYBMO4NBCUF3AXKJMXCGVSYQOS7ZG2TLI (98AD8BAAB80B1DC684542EC175259711AB2C41D2FE4DA9AD)
Recipient 2: TCD4NC5VIE2EEB3BCV5JRLBNJXYDW5Q5JK547MI (9887C68BB54134420761157A98AC2D4DF03B761D4ABBCFB1)
Fetching current network time from /node/time
  Network time: 107375591542 ms since nemesis
Fetching recommended fees from /network/fees/transaction
  Fee multiplier: 100
Built aggregate transaction:
{
  "signature": "00000000000000000000000000000000000000000000000000000000000000000000000000000000000000000000000000000000000000000000000000000000",
  "signer_public_key": "3B6A27BCCEB6A42D62A3A8D02A6F0D73653215771DE243A63AC048A18B59DA29",
  "version": 3,
  "network": 152,
  "type": 16705,
  "fee": "36000",
  "deadline": "107382791542",
  "transactions_hash": "006E8D5F5AC08E7D8EEAB2265569A68FF2921722DCE69D7AA61684A8EE5722C0",
  "transactions": [
    {
      "signer_public_key": "3B6A27BCCEB6A42D62A3A8D02A6F0D73653215771DE243A63AC048A18B59DA29",
      "version": 1,
      "network": 152,
      "type": 16724,
      "recipient_address": "98AD8BAAB80B1DC684542EC175259711AB2C41D2FE4DA9AD",
      "mosaics": [
        {
          "mosaic_id": "16666583871264174062",
          "amount": "5000000"
        }
      ],
      "message": ""
    },
    {
      "signer_public_key": "3B6A27BCCEB6A42D62A3A8D02A6F0D73653215771DE243A63AC048A18B59DA29",
      "version": 1,
      "network": 152,
      "type": 16724,
      "recipient_address": "9887C68BB54134420761157A98AC2D4DF03B761D4ABBCFB1",
      "mosaics": [
        {
          "mosaic_id": "16666583871264174062",
          "amount": "3000000"
        }
      ],
      "message": ""
    }
  ],
  "cosignatures": []
}
Announcing transaction to /transactions
  Response: {"message":"packet 9 was pushed to the network via /transactions"}
Waiting for confirmation from /transactionStatus/5390D8FAC80B9F76275DA857A3A18B6704FEA8B84026C2893F0041326B8C23D2
  Transaction status: unconfirmed
  Transaction status: confirmed
Transaction confirmed in 6 seconds
