Using Symbol node https://reference.symboltest.net:3001
Using Ethereum RPC https://ethereum-sepolia-rpc.publicnode.com
Alice Symbol address: TCHBDENCLKEBILBPWP3JPB2XNY64OE7PYHHE32I
Bob Symbol address: TCWYXKVYBMO4NBCUF3AXKJMXCGVSYQOS7ZG2TLI
Alice ETH address: 0x8019119CD3f852B65820F0Cf0d7FA0957BEd23E2
Bob ETH address: 0xa5507aa9a7080d5916ABab889876A0910d1Ac328

--- Alice: Generate proof and hashlock ---
Proof (hex): 21e96d2665bd5a063d03656eb202f0bc0eb5bdef06d4c1a34db1f563af99fedb
Secret (double SHA-256): d128c3c3924ecff0a19f81c89a84e7fe6320b8a2b07ff22812e58a2360e1a910

--- Step 1. Alice: Lock ETH on Ethereum ---
Ethereum timelock (Unix): 1776935008
Lock TX hash: 2c198264968661cd560b9ad7bc0f9e6dc8d6d7fa5caaa3bf787fee66138f3e5f
Lock confirmed in block 10696157
HTLC contract ID: 92217fcd48907e5759e5431d8a0d606e64942cdb209d329590a68250a01b41f1

--- Step 2. Bob: Create secret lock on Symbol ---
Hashlock from chain: d128c3c3924ecff0a19f81c89a84e7fe6320b8a2b07ff22812e58a2360e1a910
Lock duration: 5760 blocks
Fetching current network time from /node/time
  Network time: 109425352582 ms since nemesis
Fetching recommended fees from /network/fees/transaction
  Fee multiplier: 100
Built secret lock transaction:
{
  "signature": "9ABE4BE7A02170FEB3E0F4A3FB551D5FB4ECE28F0E02F9FEAF9CBF58CFE491595CB1AB22B161C77C2600FC6F31CF7863C63090A3820405E570854680BA1AF602",
  "signer_public_key": "D04AB232742BB4AB3A1368BD4615E4E6D0224AB71A016BAF8520A332C9778737",
  "version": 1,
  "network": 152,
  "type": 16722,
  "fee": "20900",
  "deadline": "109432552582",
  "recipient_address": "988E1191A25A88142C2FB3F69787576E3DC713EFC1CE4DE9",
  "secret": "D128C3C3924ECFF0A19F81C89A84E7FE6320B8A2B07FF22812E58A2360E1A910",
  "mosaic": {
    "mosaic_id": "16666583871264174062",
    "amount": "1000000"
  },
  "duration": "5760",
  "hash_algorithm": 2
}
Secret lock transaction hash: 556BD67C7FB3ECE23AAD2C911224350DFB082748BBBD8D683DCE4AF7D2E4BE3A
Announcing secret lock to /transactions
  Response: {"message":"packet 9 was pushed to the network via /transactions"}
Waiting for Secret lock to reach confirmed status...
  Transaction status: unconfirmed
  Transaction status: unconfirmed
  Transaction status: unconfirmed
  Transaction status: confirmed
Secret lock confirmed in 24 seconds

--- Step 3. Alice: Claim XYM on Symbol ---
Fetching current network time from /node/time
  Network time: 109425393033 ms since nemesis
Fetching recommended fees from /network/fees/transaction
  Fee multiplier: 100
Built secret proof transaction:
{
  "signature": "A5BD627A1A466ABD62D1B7DA60C5E31337DD196A01CFFF417A9DFF04A45E1F9DE3AC7A3ED67054C7CFC2D0FF3E91ACDA225D6F0A94465C4ED39DF684D7B8480C",
  "signer_public_key": "3B6A27BCCEB6A42D62A3A8D02A6F0D73653215771DE243A63AC048A18B59DA29",
  "version": 1,
  "network": 152,
  "type": 16978,
  "fee": "21900",
  "deadline": "109432593033",
  "recipient_address": "988E1191A25A88142C2FB3F69787576E3DC713EFC1CE4DE9",
  "secret": "D128C3C3924ECFF0A19F81C89A84E7FE6320B8A2B07FF22812E58A2360E1A910",
  "hash_algorithm": 2,
  "proof": "21e96d2665bd5a063d03656eb202f0bc0eb5bdef06d4c1a34db1f563af99fedb"
}
Secret proof transaction hash: 1F875BF8074ADB3D40541CD44ABB2088D5588E6CE2F40CE38C4444258440CA9A
Announcing secret proof to /transactions
  Response: {"message":"packet 9 was pushed to the network via /transactions"}
Waiting for Secret proof to reach confirmed status...
  Transaction status: not yet available
  Transaction status: unconfirmed
  Transaction status: unconfirmed
  Transaction status: unconfirmed
  Transaction status: confirmed
Secret proof confirmed in 22 seconds

--- Step 4. Bob: Withdraw ETH on Ethereum ---
Polling https://reference.symboltest.net:3001/transactions/confirmed?address=TCHBDENCLKEBILBPWP3JPB2XNY64OE7PYHHE32I&type=16978&order=desc
  Looking for secret: D128C3C3924ECFF0A19F81C89A84E7FE6320B8A2B07FF22812E58A2360E1A910
  Found proof transaction after 0s
Proof from chain: 21e96d2665bd5a063d03656eb202f0bc0eb5bdef06d4c1a34db1f563af99fedb
Withdraw TX hash: 2a2feb2ce493f1a0800442e45cf3474bd0ab80b16d94f7146accf72c43195d64
Withdraw confirmed in block 10696163

--- Cross-chain swap complete ---
