Using node https://001-sai-dual.symboltest.net:3001
Monitoring transaction: 2B6D3B5232E06B9D32682F518C765301FCF9716BFA1EEEF9523653406E04C7EA

Waiting for transaction confirmation
Polling /transactionStatus/2B6D3B5232E06B9D32682F518C765301FCF9716BFA1EEEF9523653406E04C7EA
  Attempt 1: Transaction status not yet available
  Attempt 2: Transaction status not yet available
  Attempt 3:
    Status: unconfirmed
    Code: Success
    Hash: 2B6D3B5232E06B9D32682F518C765301FCF9716BFA1EEEF9523653406E04C7EA
    Deadline: 47578965854
  Attempt 4:
    Status: unconfirmed
    Code: Success
    Hash: 2B6D3B5232E06B9D32682F518C765301FCF9716BFA1EEEF9523653406E04C7EA
    Deadline: 47578965854
  Attempt 5:
    Status: confirmed
    Code: Success
    Hash: 2B6D3B5232E06B9D32682F518C765301FCF9716BFA1EEEF9523653406E04C7EA
    Deadline: 47578965854

Transaction confirmed!
