Using node https://001-sai-dual.symboltest.net:3001
Fetching current network time from /node/time
  Network time: 78235462065n ms since nemesis
Fetching recommended fees from /network/fees/transaction
  Fee multiplier: 100
Built transaction:
{
  signature: '728D968E14F50EBB2496B560721E938629D6B4C1522B4A22DD659507B469C0EC5125485EBD38D48FBF351FF9DEC9CF3AFD7A5AFC5E945087E53173589B0B6B08',
  signerPublicKey: '87DA603E7BE5656C45692D5FC7F6D0EF8F24BB7A5C10ED5FDA8C5CFBC49FCBC8',
  version: 1,
  network: 152,
  type: 16724,
  fee: '17600',
  deadline: '78242662065',
  recipientAddress: '98F96BD2F803DE1EE39AACFC53A246F4F7A46901A5D0A53E',
  mosaics: [ { mosaicId: '16666583871264174062', amount: '1000000' } ],
  message: ''
}
Announcing transaction to /transactions
  Response: {"message":"packet 9 was pushed to the network via /transactions"}
Waiting for confirmation from /transactionStatus/260CD293E05C2853A967874BCF67FAB36FD331CE14925CA611B3877B99BB325D
  Transaction status: unknown | Cause: Not Found
  Transaction status: unconfirmed
  Transaction status: unconfirmed
  Transaction status: unconfirmed
  Transaction status: unconfirmed
  Transaction status: confirmed
Transaction confirmed in 5 seconds
