Using node https://reference.symboltest.net:3001
Multisig address: TB6QOVCUOFRCF5QJSKPIQMLUVWGJS3KYFDETRPA (public key 4CB5ABF6AD79FBF5ABBCCAFCC269D85CD2651ED4B885B5869F241AEDF0A5BA29)
Cosignatory 0 address: TBBHGE77IHHOIYA46B3XSORRNR2L5MLW54YO75Y (public key 7422B9887598068E32C4448A949ADB290D0F4E35B9E01B0EE5F1A1E600FE2674)
Cosignatory 1 address: TBBWZ2X4EXGQ65XPUNWGSJX4LHW5NWMPDNGUERY (public key F381626E41E7027EA431BFE3009E94BDD25A746BEEC468948D6C3C7C5DC9A54B)
Fetching current network time from /node/time
  Network time: 102516815591 ms since nemesis
Fetching recommended fees from /network/fees/transaction
  Fee multiplier: 100
Getting cosignatories from /account/TB6QOVCUOFRCF5QJSKPIQMLUVWGJS3KYFDETRPA/multisig
  Response: ['98427313FF41CEE4601CF077793A316C74BEB176EF30EFF7', '98436CEAFC25CD0F76EFA36C6926FC59EDD6D98F1B4D4247']
Disabling the multisig with the aggregate transaction:
{
  "signature": "00000000000000000000000000000000000000000000000000000000000000000000000000000000000000000000000000000000000000000000000000000000",
  "signer_public_key": "7422B9887598068E32C4448A949ADB290D0F4E35B9E01B0EE5F1A1E600FE2674",
  "version": 3,
  "network": 152,
  "type": 16705,
  "fee": "32800",
  "deadline": "102524015591",
  "transactions_hash": "F1985D5D2CC1DB30CE3B0AE8532874E14AFA9F6F2237FF0D95DA819F6483F34F",
  "transactions": [
    {
      "signer_public_key": "4CB5ABF6AD79FBF5ABBCCAFCC269D85CD2651ED4B885B5869F241AEDF0A5BA29",
      "version": 1,
      "network": 152,
      "type": 16725,
      "min_removal_delta": 0,
      "min_approval_delta": 0,
      "address_additions": [],
      "address_deletions": [
        "98436CEAFC25CD0F76EFA36C6926FC59EDD6D98F1B4D4247"
      ]
    },
    {
      "signer_public_key": "4CB5ABF6AD79FBF5ABBCCAFCC269D85CD2651ED4B885B5869F241AEDF0A5BA29",
      "version": 1,
      "network": 152,
      "type": 16725,
      "min_removal_delta": -1,
      "min_approval_delta": -1,
      "address_additions": [],
      "address_deletions": [
        "98427313FF41CEE4601CF077793A316C74BEB176EF30EFF7"
      ]
    }
  ],
  "cosignatures": []
}
Built aggregate transaction with hash: 2481B252AB15881368AD74BC21373205AFB0A23E4181DFB01A7D116FC9DDFFF7
Announcing aggregate transaction to /transactions
  Response: {"message":"packet 9 was pushed to the network via /transactions"}
Waiting for aggregate transaction confirmation...
  Transaction status: unconfirmed
  Transaction status: unconfirmed
  ...
  Transaction status: confirmed
aggregate transaction confirmed in 9 seconds
