Using node https://reference.symboltest.net:3001
Sender address: TCHBDENCLKEBILBPWP3JPB2XNY64OE7PYHHE32I
Recipient address: TCWYXKVYBMO4NBCUF3AXKJMXCGVSYQOS7ZG2TLI

Fetching current network time from /node/time
  Network time: 93047688268 ms since nemesis
Fetching recommended fees from /network/fees/transaction
  Fee multiplier: 100

==> Sending Plain Text Message
Plain message: Hello, Symbol!
Transaction hash: F30D4F2D20CDF46EC2A5D3D05E3A1059A18BD6D66C661A3DD66A7946612E857A
Plain message transaction announced

<== Receiving Plain Text Message
Polling for Plain message transaction confirmation...
  Plain message transaction confirmed!
Received plain message: Hello, Symbol!

==> Sending Encrypted Message
Original message: This is a secret message!
Encrypted payload: 01c1cc6085863447340555ba03d319e9b5e64c1619ff9fb6ed20a9e823f121056e0d96927df2a523df3f4e9663eb5981e2542528cb49
Transaction hash: 8E4582520E9BD1C4AC1E758BE49BFDF8719F9563676289D81A00E5532C8FA86D
Encrypted message transaction announced

<== Receiving Encrypted Message
Polling for Encrypted message transaction confirmation...
  Encrypted message transaction confirmed!
Recipient decrypted message: This is a secret message!
