Using node https://reference.symboltest.net:3001
Signer address: TCHBDENCLKEBILBPWP3JPB2XNY64OE7PYHHE32I
Namespace name: nsmos_1770541301
Namespace ID: 13340994241872799248 (0xb924bb94515c2610)
Mosaic ID: 5028483883612744386 (0x45c8c3733983aac2)
Fetching current network time from /node/time
  Network time: 103292001688 ms since nemesis
Fetching recommended fees from /network/fees/transaction
  Fee multiplier: 100
Built transaction:
{
  "signature": "538EC97E2E9BF4099A28BCA4E7A7C1FEE53F9D7B85C2EB8DC4690B61F4D0CA350F3DEA096F284C4E8E99B533E383CF6C5602E5DA121244A0742997673A9AC60B",
  "signer_public_key": "3B6A27BCCEB6A42D62A3A8D02A6F0D73653215771DE243A63AC048A18B59DA29",
  "version": 1,
  "network": 152,
  "type": 17230,
  "fee": "14500",
  "deadline": "103299201688",
  "namespace_id": "13340994241872799248",
  "mosaic_id": "5028483883612744386",
  "alias_action": 1
}
Transaction hash: CAA9489E08AA66371D4342D420A75622E6394D6198BF130D01A0B31424AD6E38
Announcing mosaic alias transaction to /transactions
  Response: {"message":"packet 9 was pushed to the network via /transactions"}
Waiting for transaction confirmation...
  Transaction status: unconfirmed
  Transaction status: confirmed
Mosaic alias transaction confirmed in 16 seconds
Fetching namespace information from /namespaces/b924bb94515c2610
Alias information:
  Alias type: 1
  Linked mosaic ID: 45C8C3733983AAC2
Using alias in transfer: nsmos_1770541301
Transfer transaction:
  Mosaic ID (alias): 13340994241872799248 (0xb924bb94515c2610)
