Using node https://reference.symboltest.net:3001
Signer address: TCHBDENCLKEBILBPWP3JPB2XNY64OE7PYHHE32I
Fetching current network time from /node/time
  Network time: 99282637399 ms since nemesis
Fetching recommended fees from /network/fees/transaction
  Fee multiplier: 100
Creating child namespace: ns_root.sub_1766533103
Parent namespace ID: 0xb0786316d5c1d9dd
Built transaction:
{
  "signature": "9E91F08855D1911BE7208BB3441ACF8AE18EBEB529867D6DAC8552A837E17AA2F05BEBAE510950D5194E0837C4A6E780138CCF29A065F55C05A76CEF6AFA610E",
  "signer_public_key": "3B6A27BCCEB6A42D62A3A8D02A6F0D73653215771DE243A63AC048A18B59DA29",
  "version": 1,
  "network": 152,
  "type": 16718,
  "fee": "16000",
  "deadline": "99289837399",
  "parent_id": "12716022497607277021",
  "id": "11305240440531381773",
  "registration_type": 1,
  "name": "7375625f31373636353333313033"
}
Transaction hash: 43962A040342198E485F5E91364CA0270F737C56E58909FE03FE3F02AD97CA56
Announcing namespace registration to /transactions
  Response: {"message":"packet 9 was pushed to the network via /transactions"}
Waiting for namespace registration confirmation...
  Transaction status: unconfirmed
  Transaction status: confirmed
Namespace registration confirmed in 19 seconds
Child namespace ID: 0x9ce448486e40ee0d
Fetching namespace information from /namespaces/9ce448486e40ee0d
Namespace information:
  Registration type: 1
  Owner address: 988E1191A25A88142C2FB3F69787576E3DC713EFC1CE4DE9
  Parent ID: B0786316D5C1D9DD
  Depth: 2
  Level 0: B0786316D5C1D9DD
  Level 1: 9CE448486E40EE0D
  Start height: 2956766
  End height: 3046046
