Using node https://reference.symboltest.net:3001
Account A: TCHBDENCLKEBILBPWP3JPB2XNY64OE7PYHHE32I
Account B: TCWYXKVYBMO4NBCUF3AXKJMXCGVSYQOS7ZG2TLI
[Account A] Bonded aggregate hash: 1B48628680C99C5F...
[Account A] Announced hash lock A9CD8DE6E4CD1EDF...
Hash lock confirmed
[Account B] Connected to wss://reference.symboltest.net:3001/ws with uid bPpqa5v2vhja9J5wUTjP8OIc5Io=
[Account B] Subscribed to partialAdded channel
[Account B] Subscribed to partialRemoved channel
[Account B] Subscribed to cosignature channel
[Account B] Subscribed to unconfirmedAdded channel
[Account B] Subscribed to unconfirmedRemoved channel
[Account B] Subscribed to confirmedAdded channel
[Account B] Subscribed to status channel
[Account A] Announced bonded 1B48628680C99C5F...
partialAdded: hash=1B48628680C99C5F...
[Account B] Submitted cosignature
cosignature: signer=D04AB232742BB4AB...
unconfirmedAdded: hash=1B48628680C99C5F...
partialRemoved: hash=1B48628680C99C5F...
unconfirmedRemoved: hash=1B48628680C99C5F...
confirmedAdded: hash=1B48628680C99C5F...
Transaction 1B48628680C99C5F... confirmed
[Account B] Unsubscribed from all channels
