Using node https://reference.symboltest.net:3001
Signer address: TCHBDENCLKEBILBPWP3JPB2XNY64OE7PYHHE32I
Fetching current network time from /node/time
  Network time: 98406073135 ms since nemesis
Fetching recommended fees from /network/fees/transaction
  Fee multiplier: 100

--- Adding new metadata ---
Created embedded metadata transaction:
{
  "signer_public_key": "3B6A27BCCEB6A42D62A3A8D02A6F0D73653215771DE243A63AC048A18B59DA29",
  "version": 1,
  "network": 152,
  "type": 16708,
  "target_address": "988E1191A25A88142C2FB3F69787576E3DC713EFC1CE4DE9",
  "scoped_metadata_key": "16705141506538718608",
  "value_size_delta": 5,
  "value": "616c696365"
}
Built aggregate transaction with hash: 976C555DD4FEEA2B48088457AC445A41FA28E13C88B12823844F5EC399B97144
Announcing aggregate transaction to /transactions
  Response: {"message":"packet 9 was pushed to the network via /transactions"}
Waiting for aggregate transaction confirmation...
  Transaction status: unconfirmed
  Transaction status: unconfirmed
  Transaction status: confirmed
aggregate transaction confirmed in 11 seconds

--- Modifying existing metadata ---
Fetching current metadata from /metadata?sourceAddress=TCHBDENCLKEBILBPWP3JPB2XNY64OE7PYHHE32I&targetAddress=TCHBDENCLKEBILBPWP3JPB2XNY64OE7PYHHE32I&scopedMetadataKey=E7F71DA42B54B310&metadataType=0
  Current value: alice
Created embedded update transaction:
{
  "signer_public_key": "3B6A27BCCEB6A42D62A3A8D02A6F0D73653215771DE243A63AC048A18B59DA29",
  "version": 1,
  "network": 152,
  "type": 16708,
  "target_address": "988E1191A25A88142C2FB3F69787576E3DC713EFC1CE4DE9",
  "scoped_metadata_key": "16705141506538718608",
  "value_size_delta": -2,
  "value": "03030b6365"
}
Built aggregate transaction with hash: AA58533BB20A54FE0CF3AD44EC4CEA05C1BC6A47D817850DBB072D0CB254116F
Announcing aggregate transaction to /transactions
  Response: {"message":"packet 9 was pushed to the network via /transactions"}
Waiting for aggregate transaction confirmation...
  Transaction status: unconfirmed
  Transaction status: unconfirmed
  Transaction status: confirmed
aggregate transaction confirmed in 31 seconds
