Using node https://reference.symboltest.net:3001
Multisig public key: 4CB5ABF6AD79FBF5ABBCCAFCC269D85CD2651ED4B885B5869F241AEDF0A5BA29
Cosignatory public key: 7422B9887598068E32C4448A949ADB290D0F4E35B9E01B0EE5F1A1E600FE2674
Fetching current network time from /node/time
  Network time: 102872650165 ms since nemesis
Fetching recommended fees from /network/fees/transaction
  Fee multiplier: 100
Built transaction:
{
  "signature": "A533F9B281174AE537944B25752DB75FFC277CBC3958347E741E53CA4A1D02EBA9C4B6F993DF05A250F07C270E2CF6C21DA6344FE31AE701390BA5AD7BC62F0C",
  "signer_public_key": "7422B9887598068E32C4448A949ADB290D0F4E35B9E01B0EE5F1A1E600FE2674",
  "version": 3,
  "network": 152,
  "type": 16705,
  "fee": "26400",
  "deadline": "102879850165",
  "transactions_hash": "8E64E490EB8B7887CAE6BE6846F67ADEEAE0AF3525CF98D84044ADE9F6BA488F",
  "transactions": [
    {
      "signer_public_key": "4CB5ABF6AD79FBF5ABBCCAFCC269D85CD2651ED4B885B5869F241AEDF0A5BA29",
      "version": 1,
      "network": 152,
      "type": 16724,
      "recipient_address": "987D075454716222F609929E883174AD8C996D5828C938BC",
      "mosaics": [
        {
          "mosaic_id": "16666583871264174062",
          "amount": "1000000"
        }
      ],
      "message": ""
    }
  ],
  "cosignatures": []
}
Announcing transaction to /transactions
  Response: {"message":"packet 9 was pushed to the network via /transactions"}
Waiting for confirmation from /transactionStatus/AB9FB75C150AD471AC73A6CF278D82D122E2583CF02B3B9067274608A7D334E4
  Transaction status: unconfirmed
  Transaction status: unconfirmed
  ...
  Transaction status: confirmed
Transaction confirmed in 9 seconds