Using node https://reference.symboltest.net:3001
Signer address: TCHBDENCLKEBILBPWP3JPB2XNY64OE7PYHHE32I
Fetching current network time from /node/time
  Network time: 103748303591 ms since nemesis
Fetching recommended fees from /network/fees/transaction
  Fee multiplier: 100
Mosaic nonce: 1770998662
Mosaic ID: 6619508144549180335 (0x5bdd3795f7a8b3af)
Built mosaic modification transaction:
{
  "signature": "729A40BAD69DA8B3CE38D442CFCD1258CA41B7933CF80EFE24A7A354773E0B08D7E2796DED2D93A5F1C16A5EB3298A2113601348A436A4340BFFC38BD7EEBF07",
  "signer_public_key": "3B6A27BCCEB6A42D62A3A8D02A6F0D73653215771DE243A63AC048A18B59DA29",
  "version": 1,
  "network": 152,
  "type": 16717,
  "fee": "15000",
  "deadline": "103755503591",
  "id": "6619508144549180335",
  "duration": "0",
  "nonce": 1770998662,
  "flags": 8,
  "divisibility": 0
}
Transaction hash: 110D3B362D76020EBCD96A5A2E7C621ADE53D98BFACEEE273DA224D8E8B07225
Announcing mosaic modification to /transactions
  Response: {"message":"packet 9 was pushed to the network via /transactions"}
Waiting for mosaic modification confirmation...
  Transaction status: unconfirmed
  Transaction status: unconfirmed
  Transaction status: confirmed
Mosaic modification confirmed in 11 seconds
Fetching mosaic information from /mosaics/5bdd3795f7a8b3af
Mosaic information:
  Mosaic ID: 5BDD3795F7A8B3AF
  Supply: 0
  Divisibility: 2
  Flags: 14
  Duration: 0
