Using node https://reference.symboltest.net:3001
Owner address: TCHBDENCLKEBILBPWP3JPB2XNY64OE7PYHHE32I
Target address: TB6QOVCUOFRCF5QJSKPIQMLUVWGJS3KYFDETRPA
Mosaic ID: 0x147893385B36E34D
Restriction name: "security_level" (key: 0xC1D01F88)
Fetching current network time from /node/time
  Network time: 105560429335 ms since nemesis
Fetching recommended fees from /network/fees/transaction
  Fee multiplier: 100
Checking if the global restriction is enabled:
  Getting restrictions from /restrictions/mosaic?mosaicId=147893385B36E34D&entryType=1
  Response: [{'key': '3251642248', 'restriction': {'referenceMosaicId': '0000000000000000', 'restrictionValue': '1', 'restrictionType': 6}}]
Checking if target account is authorized:
  Getting restrictions from /restrictions/mosaic?mosaicId=147893385B36E34D&entryType=0&targetAddress=TB6QOVCUOFRCF5QJSKPIQMLUVWGJS3KYFDETRPA
  Response: [{'key': '3251642248', 'value': '1'}]
+ Deauthorizing target account
{
  "signer_public_key": "3B6A27BCCEB6A42D62A3A8D02A6F0D73653215771DE243A63AC048A18B59DA29",
  "version": 1,
  "network": 152,
  "type": 16977,
  "mosaic_id": "1475090748221612877",
  "restriction_key": "3251642248",
  "previous_restriction_value": "1",
  "new_restriction_value": "0",
  "target_address": "987D075454716222F609929E883174AD8C996D5828C938BC"
}
Bundling 1 transaction(s) in an aggregate
Announcing aggregate to /transactions
  Response: {"message":"packet 9 was pushed to the network via /transactions"}
Waiting for aggregate confirmation...
  Transaction status: unconfirmed
  Transaction status: unconfirmed
  ...
  Transaction status: confirmed
aggregate confirmed in 19 seconds

Attempting transfer to the target account
Announcing test transfer to /transactions
  Response: {"message":"packet 9 was pushed to the network via /transactions"}
Waiting for test transfer confirmation...
  Transaction status: failed
test transfer failed: Failure_RestrictionMosaic_Account_Unauthorized
